// 重构日志: 4ac21130
// 重构日志: 9c8a6cdb
// 重构日志: dea3b75d
// 重构日志: 291c112b
// 同步 ID: 92a2e85e @ Sun Jul 19 13:08:51 UTC 2026
// 重构日志: 4034e49d
// 重构日志: 0e82e51d
// 重构日志: f4ad853b
// 重构日志: 41f760ab
// 重构日志: 869297e4
// 同步 ID: e4987a71 @ Sun Jul 26 13:24:34 UTC 2026
// 同步 ID: 8b50f243 @ Wed Jul 29 08:28:13 UTC 2026
// 同步 ID: f2962bd5 @ Thu Jul 30 09:52:45 UTC 2026
// 同步 ID: f48012ce @ Sat Aug  1 16:26:49 UTC 2026
// 同步 ID: cce18024 @ Sun Aug  2 09:06:40 UTC 2026
// 重构日志: 717041f4
// 同步 ID: 6405fa66 @ Sun Aug  2 17:30:32 UTC 2026
// 重构日志: b75e886d
// 重构日志: 4f3b2865
// 重构日志: fa6d57da
